[www.myfitnesssuites.com/index.html]
[static.wixstatic.com/media/dba0d2_9bfcd0b579134824a2eb6cd621fc1e9d_mv2.jpg/v1/fill/w_32,h_32,lg_1,usm_0.66_1.00_0.01/dba0d2_9bfcd0b579134824a2eb6cd621fc1e9d_mv2.0]
[static.parastorage.com/unpkg/core-js-bundle@3.2.1/minified.js]
[static.parastorage.com/unpkg/focus-within-polyfill@5.0.9/dist/focus-within-polyfill.js]
[backblue.gif]
[fade.gif]
[index.html]
[polyfill.io/v3/polyfill.mind82c.js]
[browser.sentry-cdn.com/6.18.2/bundle.min.js]
[www.myfitnesssuites.com/decodeURIComponent(e]
[www.myfitnesssuites.com/sitemap.xml]
[www.myfitnesssuites.com/feed.xml]
[static.parastorage.com/services/wix-thunderbolt/dist/bootstrap-features.9ca6e510.bundle.min.js]
[static.parastorage.com/services/wix-thunderbolt/dist/main.cb675ae8.bundle.min.js]
[static.parastorage.com/unpkg/lodash@4.17.21/lodash.min.js]
[static.parastorage.com/unpkg/react@16.14.0/umd/react.production.min.js]
[static.parastorage.com/services/tag-manager-client/1.427.0/siteTags.bundle.min.js]
[js.smile.io/v1/smile-wix.js]
[static.parastorage.com/services/wix-perf-measure/1.1042.0/wix-perf-measure.bundle.min.js]
[static.parastorage.com/unpkg/react-dom@16.14.0/umd/react-dom.production.min.js]
[static.parastorage.com/services/editor-elements/dist/media/sloppyframe.d6793e19.png]
[www.myfitnesssuites.com/version/index.html]
[www.myfitnesssuites.com/eec152dc.min.css]
[www.myfitnesssuites.com/b604fd33.min.css]
[www.myfitnesssuites.com/7c602eb2.min.css]
[www.myfitnesssuites.com/f52e40aa.min.css]
[www.myfitnesssuites.com/caeea34d.min.css]
[www.myfitnesssuites.com/99a6a99f.min.css]
[www.myfitnesssuites.com/2b8b066f.min.css]
[www.myfitnesssuites.com/34b72cf9.min.css]
[www.myfitnesssuites.com/aae8f9e8.min.css]
[www.myfitnesssuites.com/7a36fe10.chunk.min.js]
[www.myfitnesssuites.com/e3671379.chunk.min.js]
[www.myfitnesssuites.com/rb_wixui.thunderbolt_bootstrap-classic.db545a77.chunk.min.js]
[www.myfitnesssuites.com/rb_wixui.thunderbolt_bootstrap.8a86afda.chunk.min.css]
[www.myfitnesssuites.com/rb_wixui.thunderbolt_bootstrap.7a36fe10.chunk.min.js]
[www.myfitnesssuites.com/rb_wixui.thunderbolt_bootstrap-responsive.f3ca696f.chunk.min.css]
[www.myfitnesssuites.com/rb_wixui.thunderbolt_bootstrap-responsive.e3671379.chunk.min.js]
[www.myfitnesssuites.com/rb_wixui.thunderbolt_common-site-members-dialogs.384b0b57.chunk.min.css]
[www.myfitnesssuites.com/rb_wixui.thunderbolt_common-site-members-dialogs.2059cbfd.chunk.min.js]
[static.wixstatic.com/media/dba0d2_e59ef74968b841e79b87863322991370_mv2.png/v1/fill/w_214,h_33,al_c,q_85,usm_0.66_1.00_0.01,enc_aut/tymenke627 - horizontal.23.dela]
[www.myfitnesssuites.com/getsummercut.html]
[www.myfitnesssuites.com/schedule.html]
[www.myfitnesssuites.com/instructors.html]
[www.myfitnesssuites.com/plans-pricing.html]
[www.myfitnesssuites.com/classes.html]
[www.myfitnesssuites.com/blog.html]
[www.myfitnesssuites.com/events-2.html]
[www.myfitnesssuites.com/challenges.html]
[www.myfitnesssuites.com/team.html]
[www.myfitnesssuites.com/transformation.html]
[www.myfitnesssuites.com/transform.html]
[www.myfitnesssuites.com/challenges-signup.html]
[www.myfitnesssuites.com/mentormatch.html]
[www.myfitnesssuites.com/mentorship.html]
[www.myfitnesssuites.com/itemofthemonth.html]
[www.myfitnesssuites.com/shop.html]
[www.myfitnesssuites.com/mypoints.html]
[www.myfitnesssuites.com/loyaltyswag.html]
[static.wixstatic.com/media/84770f_baaa1e587d314769b1581cc2e0932b53.jpg/v1/fill/w_147,h_84,al_c,q_80,usm_0.66_1.00_0.01,blur_2,/84770f_baaa1e587d314769b1581cc2e093]
[www.myfitnesssuites.com/index.html]
[www.myfitnesssuites.com/decodeURIComponent(e.html]
[www.myfitnesssuites.com/feed.html]
[www.myfitnesssuites.com/version/index.html]
[www.myfitnesssuites.com/eec152dc.min.html]
[www.myfitnesssuites.com/b604fd33.min.html]
[www.myfitnesssuites.com/7c602eb2.min.html]
[www.myfitnesssuites.com/f52e40aa.min.html]
[www.myfitnesssuites.com/caeea34d.min.html]
[www.myfitnesssuites.com/99a6a99f.min.html]
[www.myfitnesssuites.com/2b8b066f.min.html]
[www.myfitnesssuites.com/34b72cf9.min.html]
[www.myfitnesssuites.com/aae8f9e8.min.html]
[www.myfitnesssuites.com/7a36fe10.chunk.min.html]
[www.myfitnesssuites.com/e3671379.chunk.min.html]
[www.myfitnesssuites.com/rb_wixui.thunderbolt_bootstrap-classic.db545a77.chunk.min.html]
[www.myfitnesssuites.com/rb_wixui.thunderbolt_bootstrap.8a86afda.chunk.min.html]
[www.myfitnesssuites.com/rb_wixui.thunderbolt_bootstrap.7a36fe10.chunk.min.html]
[www.myfitnesssuites.com/rb_wixui.thunderbolt_bootstrap-responsive.f3ca696f.chunk.min.html]
[www.myfitnesssuites.com/rb_wixui.thunderbolt_bootstrap-responsive.e3671379.chunk.min.html]
[www.myfitnesssuites.com/rb_wixui.thunderbolt_common-site-members-dialogs.384b0b57.chunk.min.html]
[www.myfitnesssuites.com/rb_wixui.thunderbolt_common-site-members-dialogs.2059cbfd.chunk.min.html]
[www.myfitnesssuites.com/general-3.html]
[static.wixstatic.com/media/dba0d2_fe09ffef02f84a03803dc63efed893f8_mv2.jpg/v1/fill/w_95,h_75,al_c,q_80,usm_0.66_1.00_0.01,blur_2,e/michelle%20and%20tyler%20_edite]
[static.parastorage.com/services/wix-thunderbolt/dist/ab-test-compilation/thunderbolt-commons.7ca534fa.bundle.min.js]
[www.myfitnesssuites.com/cart-page.html]
[static.parastorage.com/services/wix-thunderbolt/dist/ab-test-compilation/main.c16c2c7f.bundle.min.js]
[static.wixstatic.com/media/dba0d2_aab6e4dd7d5e443eb3b94526d625af19_mv2.png/v1/fill/w_395,h_212,al_c,q_85,usm_0.66_1.00_0.01,enc_auto/white icon.png]
[www.myfitnesssuites.com/getsummercut.html]
[static.wixstatic.com/media/dba0d2_d07d91e75a22498da4241b9a674259c2_mv2.jpg/v1/fill/w_147,h_116,al_c,q_80,usm_0.66_1.00_0.01,blur_2/dba0d2_d07d91e75a22498da4241b9a]
[www.myfitnesssuites.com/1a5cb388.min.css]
[www.myfitnesssuites.com/1f15f937.min.css]
[www.myfitnesssuites.com/62a3290c.min.css]
[www.myfitnesssuites.com/schedule.html]
[static.parastorage.com/services/pricing-plans-tpa/1.2216.0/client/List.chunk.min.css]
[static.parastorage.com/services/pricing-plans-tpa/1.2216.0/client/7724.chunk.min.js]
[static.parastorage.com/services/pricing-plans-tpa/1.2216.0/client/List.chunk.min.js]
[www.myfitnesssuites.com/plans-pricing.html]
[www.myfitnesssuites.com/d078781b.min.css]
[static.wixstatic.com/media/dba0d2_c6255b3181ed45f99679f6adf285a4b4_mv2.jpg/v1/crop/x_300,y_0,w_2400,h_2400/fill/w_160,h_160,al_c,q_80,usm_/IMG_7033_edited.45.dela]
[static.wixstatic.com/media/dba0d2_850174d36e04473cb1012e29c122f596_mv2.jpg/v1/crop/x_0,y_0,w_484,h_484/fill/w_160,h_160,al_c,q_80,usm_0.66/Michelle head shot_JPG]
[static.wixstatic.com/media/dba0d2_bc7027defd894427b758c21f9e2b6b07_mv2.jpg/v1/crop/x_600,y_0,w_2400,h_2400/fill/w_160,h_160,al_c,q_80,usm_0.66_/IMG_7361.47.delaye]
[static.wixstatic.com/media/dba0d2_ab4ee1840d00447f9ac0de6a4b80375d_mv2.jpg/v1/crop/x_600,y_0,w_2400,h_2400/fill/w_160,h_160,al_c,q_80,usm_0.66_/IMG_7345.49.delaye]
[static.wixstatic.com/media/dba0d2_820256751f3d4864b5ce9fb92d602aaf_mv2.jpg/v1/crop/x_600,y_0,w_2400,h_2400/fill/w_160,h_160,al_c,q_80,usm_0.66_/IMG_7348.48.delaye]
[static.wixstatic.com/media/dba0d2_4565534d2d9645008b47e2fa3c493d8d_mv2.jpg/v1/crop/x_0,y_1,w_800,h_800/fill/w_160,h_160,al_c,q_80,usm_0.66/Katie H_edited_edited.4]
[www.myfitnesssuites.com/instructors.html]
[static.wixstatic.com/media/dba0d2_ceb60d7830f44e17a3c144c70461b9c7_mv2.png/v1/crop/x_0,y_619,w_2794,h_2794/fill/w_160,h_160,al_c,q_85,usm_/Facetune_07-02-2021-19-]
[static.wixstatic.com/media/dba0d2_002d42ccfd3f49108af5cf8577129e9f_mv2.jpg/v1/crop/x_0,y_0,w_1536,h_1537/fill/w_160,h_160,al_c,q_80,usm_0/IMG_4291_edited.4d.dela]
[static.wixstatic.com/media/dba0d2_2e8df1374b9d43978d106312e9118593_mv2.jpg/v1/crop/x_600,y_0,w_2400,h_2400/fill/w_160,h_160,al_c,q_80,usm_0.66_/IMG_7354.4e.delaye]
[static.wixstatic.com/media/dba0d2_fa9639754d00410c82f4542e6c13a1e7_mv2.jpg/v1/crop/x_600,y_0,w_2400,h_2400/fill/w_160,h_160,al_c,q_80,usm_0.66_/IMG_7323.50.delaye]
[www.myfitnesssuites.com/bookings-checkout/physical-therapy/book.html]
[static.wixstatic.com/media/dba0d2_0fac0143688c4fce9b5e47aa5974e412_mv2.jpg/v1/fill/w_160,h_160,al_c,q_80,usm_0.66_1.00_0.01,blur_3/Untitled design (36)_edited.51]
[static.wixstatic.com/media/dba0d2_f5cd2ed245584a07863e0f38e9e07978_mv2.jpg/v1/crop/x_600,y_0,w_2400,h_2400/fill/w_160,h_160,al_c,q_80,usm_0.6/IMG_7312-2.4f.delaye]
[static.wixstatic.com/media/nsplsh_5f594f376630586d557434_mv2_d_5184_3456_s/v1/fill/w_50,h_33,al_c,q_80,usm_0.66_1.00_0.01,blur_3,e/nsplsh_5f594f376630586d557434_m]
[static.wixstatic.com/media/dba0d2_d3bf2b9c1e7b41999ee7263eeb0c40b8_mv2.jpg/v1/fill/w_50,h_29,al_c,q_80,usm_0.66_1.00_0.01,blur_3,e/dba0d2_d3bf2b9c1e7b41999ee7263e]
[www.myfitnesssuites.com/service-page/strength-total-body.html]
[static.wixstatic.com/media/dba0d2_93f3b1c5840346feb2cc6f3066e3cf4b_mv2.png/v1/fill/w_50,h_29,al_c,q_85,usm_0.66_1.00_0.01,blur_3,e/dba0d2_93f3b1c5840346feb2cc6f30]
[static.wixstatic.com/media/11062b_130e6d1d56d5446c904f3ed46a9807ca_mv2.jpg/v1/fill/w_50,h_35,al_c,q_80,usm_0.66_1.00_0.01,blur_3,e/11062b_130e6d1d56d5446c904f3ed4]
[www.myfitnesssuites.com/service-page/legs-butt-and-thighs.html]
[www.myfitnesssuites.com/service-page/let-it-burn.html]
[www.myfitnesssuites.com/service-page/superset-strength.html]
[static.wixstatic.com/media/11062b_ce936b99582142a88abbea43bbe145ba_mv2.jpg/v1/fill/w_50,h_50,al_c,q_80,usm_0.66_1.00_0.01,blur_3,e/11062b_ce936b99582142a88abbea43]
[static.wixstatic.com/media/11062b_d674cc74ae784656b2388c66b6c6a3d5_mv2.jpg/v1/fill/w_33,h_50,al_c,q_80,usm_0.66_1.00_0.01,blur_3,e/11062b_d674cc74ae784656b2388c66]
[www.myfitnesssuites.com/service-page/trx-bootcamp.html]
[static.wixstatic.com/media/dba0d2_2c959fb8c1634a29b8bdbd7afe8771b2_mv2.jpg/v1/fill/w_50,h_33,al_c,q_80,usm_0.66_1.00_0.01,blur_3,e/dba0d2_2c959fb8c1634a29b8bdbd7a]
[www.myfitnesssuites.com/service-page/hot-butts-guts.html]
[static.wixstatic.com/media/4f1e4f_726956623644482ea83369a7a57e7f0c_mv2.png/v1/fill/w_50,h_50,al_c,q_85,usm_0.66_1.00_0.01,blur_3,e/4f1e4f_726956623644482ea83369a7]
[www.myfitnesssuites.com/service-page/apple-bottom-booty.html]
[www.myfitnesssuites.com/service-page/strictly-strength.html]
[www.myfitnesssuites.com/service-page/strength-bootcamp.html]
[www.myfitnesssuites.com/service-page/aunnie-s-boot-camp.html]
[www.myfitnesssuites.com/service-page/michelle-s-boot-camp.html]
[www.myfitnesssuites.com/service-page/westside-warrior-bootcamp.html]
[www.myfitnesssuites.com/service-page/jacked-w-jacqi.html]
[www.myfitnesssuites.com/service-page/f-i-t-bootcamp.html]
[www.myfitnesssuites.com/service-page/hiit-happens-circuit.html]
[www.myfitnesssuites.com/service-page/hot-hiit-pilates-1.html]
[www.myfitnesssuites.com/service-page/hot-barre-intensity-1.html]
[www.myfitnesssuites.com/service-page/barre-intensity.html]
[www.myfitnesssuites.com/service-page/candlelit-yoga.html]
[www.myfitnesssuites.com/service-page/hot-power-yoga-2.html]
[www.myfitnesssuites.com/service-page/yoga-flow-1.html]
[www.myfitnesssuites.com/service-page/hot-yoga-flow.html]
[www.myfitnesssuites.com/service-page/strength-yoga.html]
[www.myfitnesssuites.com/service-page/lbn-with-mike.html]
[www.myfitnesssuites.com/service-page/weighted-warrior-yoga.html]
[www.myfitnesssuites.com/service-page/body-sculpt.html]
[www.myfitnesssuites.com/service-page/hot-hard-core.html]
[www.myfitnesssuites.com/service-page/kill-the-calories.html]
[www.myfitnesssuites.com/service-page/burn-barre-blend.html]
[www.myfitnesssuites.com/service-page/hot-sculpt.html]
[www.myfitnesssuites.com/service-page/bodypump-1.html]
[www.myfitnesssuites.com/service-page/bodypump.html]
[www.myfitnesssuites.com/service-page/ladder-strength-challenge.html]
[www.myfitnesssuites.com/service-page/open-gym.html]
[www.myfitnesssuites.com/service-page/personal-training.html]
[www.myfitnesssuites.com/service-page/personal-training-w-shane.html]
[www.myfitnesssuites.com/service-page/child-watch.html]
[www.myfitnesssuites.com/service-page/personal-training-for-2.html]
[www.myfitnesssuites.com/classes.html]
[www.myfitnesssuites.com/service-page/fitness-consult.html]
[www.myfitnesssuites.com/service-page/physical-therapy.html]
[www.myfitnesssuites.com/blog-feed.xml]
[static.parastorage.com/services/communities-blog-ooi/1.539.0/client/post-list-pro-gallery.chunk.min.css]
[static.parastorage.com/services/communities-blog-ooi/1.539.0/client/972.chunk.min.js]
[static.parastorage.com/services/communities-blog-ooi/1.539.0/client/5938.chunk.min.js]
[www.myfitnesssuites.com/blog/page/2.html]
[static.parastorage.com/services/communities-blog-ooi/1.539.0/client/5967.chunk.min.js]
[static.parastorage.com/services/communities-blog-ooi/1.539.0/client/post-list-pro-gallery.chunk.min.js]
[www.myfitnesssuites.com/blog/categories/yoga.html]
[www.myfitnesssuites.com/blog/categories/depression.html]
[www.myfitnesssuites.com/blog/categories/mental-health.html]
[www.myfitnesssuites.com/blog/categories/diet.html]
[www.myfitnesssuites.com/blog/categories/health-and-wellness.html]
[www.myfitnesssuites.com/blog/categories/healthy-dine-in-options.html]
[www.myfitnesssuites.com/blog/categories/immune-health-tips.html]
[www.myfitnesssuites.com/blog/categories/cold-showers.html]
[www.myfitnesssuites.com/blog/categories/breathwork.html]
[www.myfitnesssuites.com/blog/categories/gut-health.html]
[static.wixstatic.com/media/59e5d4_eb10ee3b92b248a29143addd70270961_mv2.png/v1/fill/w_454,h_341,fp_0.50_0.50,q_95,enc_auto/59e5d4_eb10ee3b92b248a29143addd70270961_]
[www.myfitnesssuites.com/post/morning-routine-a-new-day-is-dawning-part-4.html]
[static.wixstatic.com/media/59e5d4_2ac31047989a4b3aae094051c5c75b67_mv2.jpg/v1/fill/w_454,h_341,fp_0.50_0.50,q_90,enc_auto/59e5d4_2ac31047989a4b3aae094051c5c75b67_]
[static.wixstatic.com/media/59e5d4_2ac31047989a4b3aae094051c5c75b67_mv2.jpg/v1/fill/w_250,h_250,fp_0.50_0.50,q_30,blur_30,enc_auto/59e5d4_2ac31047989a4b3aae094051c]
[static.wixstatic.com/media/59e5d4_43d259bb56cd4f3ca313e9bc96240c66_mv2.png/v1/fill/w_454,h_341,fp_0.50_0.50,q_95,enc_auto/59e5d4_43d259bb56cd4f3ca313e9bc96240c66_]
[www.myfitnesssuites.com/post/morning-routine-a-new-day-is-dawning-part-3-the-how-breaking-down-the-habit.html]
[static.wixstatic.com/media/59e5d4_694f945630a04c4a8ad8c78bf191c3cf_mv2.jpg/v1/fill/w_250,h_250,fp_0.50_0.50,q_30,blur_30,enc_auto/59e5d4_694f945630a04c4a8ad8c78bf]
[www.myfitnesssuites.com/post/morning-routine-a-new-day-is-dawning-part-2-5-reasons-why-it-s-worth-quitting-the-snooze.html]
[static.wixstatic.com/media/59e5d4_694f945630a04c4a8ad8c78bf191c3cf_mv2.jpg/v1/fill/w_454,h_341,fp_0.50_0.50,q_90,enc_auto/59e5d4_694f945630a04c4a8ad8c78bf191c3cf_]
[static.wixstatic.com/media/59e5d4_b88ab92730ed431584ad4a6e1b245cf7_mv2.jpg/v1/fill/w_454,h_341,fp_0.50_0.50,q_90,enc_auto/59e5d4_b88ab92730ed431584ad4a6e1b245cf7_]
[static.wixstatic.com/media/59e5d4_b88ab92730ed431584ad4a6e1b245cf7_mv2.jpg/v1/fill/w_250,h_250,fp_0.50_0.50,q_30,blur_30,enc_auto/59e5d4_b88ab92730ed431584ad4a6e1]
[www.myfitnesssuites.com/post/a-new-day-is-dawning-part-1-welcome-to-the-rest-of-your-life.html]
[www.myfitnesssuites.com/post/avoid-the-exits.html]
[static.wixstatic.com/media/59e5d4_f0771dfe9603478f843467f3df465352_mv2.jpg/v1/fill/w_454,h_341,fp_0.50_0.50,q_90,enc_auto/59e5d4_f0771dfe9603478f843467f3df465352_]
[static.wixstatic.com/media/59e5d4_f0771dfe9603478f843467f3df465352_mv2.jpg/v1/fill/w_250,h_250,fp_0.50_0.50,q_30,blur_30,enc_auto/59e5d4_f0771dfe9603478f843467f3d]
[www.myfitnesssuites.com/post/carb-un-loading.html]
[static.wixstatic.com/media/59e5d4_4ba14ebf2d3f4c659b97234e5b6cb9eb_mv2.png/v1/fill/w_454,h_341,fp_0.50_0.50,q_95,enc_auto/59e5d4_4ba14ebf2d3f4c659b97234e5b6cb9eb_]
[static.wixstatic.com/media/59e5d4_a7d8cec9be1c48c2bbd201fbe8634353_mv2.jpg/v1/fill/w_454,h_341,fp_0.50_0.50,q_90,enc_auto/59e5d4_a7d8cec9be1c48c2bbd201fbe8634353_]
[static.wixstatic.com/media/59e5d4_a7d8cec9be1c48c2bbd201fbe8634353_mv2.jpg/v1/fill/w_250,h_250,fp_0.50_0.50,q_30,blur_30,enc_auto/59e5d4_a7d8cec9be1c48c2bbd201fbe]
[www.myfitnesssuites.com/post/cutting-ties-with-food-is-like-dumping-your-ex.html]
[www.myfitnesssuites.com/post/the-cut-fat-quick-formula.html]
[static.wixstatic.com/media/59e5d4_a280d01ab01845839c7f505ee6c0646e_mv2.jpg/v1/fill/w_454,h_341,fp_0.50_0.50,q_90,enc_auto/59e5d4_a280d01ab01845839c7f505ee6c0646e_]
[static.wixstatic.com/media/59e5d4_a280d01ab01845839c7f505ee6c0646e_mv2.jpg/v1/fill/w_250,h_250,fp_0.50_0.50,q_30,blur_30,enc_auto/59e5d4_a280d01ab01845839c7f505ee]
[static.wixstatic.com/media/59e5d4_881a77f196f440118626facfa4050cac_mv2.jpg/v1/fill/w_250,h_250,fp_0.50_0.50,q_30,blur_30,enc_auto/59e5d4_881a77f196f440118626facfa]
[static.wixstatic.com/media/59e5d4_881a77f196f440118626facfa4050cac_mv2.jpg/v1/fill/w_454,h_341,fp_0.50_0.50,q_90,enc_auto/59e5d4_881a77f196f440118626facfa4050cac_]
[www.myfitnesssuites.com/post/muscle-myths.html]
[static.wixstatic.com/media/59e5d4_d95f66acaa7845c9b1cfa39a6bfbf74e_mv2.png/v1/fill/w_454,h_341,fp_0.50_0.50,q_95,enc_auto/59e5d4_d95f66acaa7845c9b1cfa39a6bfbf74e_]
[static.wixstatic.com/media/dba0d2_9335536358094151be69d66f5fe4f7a5_mv2.png/v1/fill/w_454,h_341,fp_0.50_0.50,q_95,enc_auto/dba0d2_9335536358094151be69d66f5fe4f7a5_]
[www.myfitnesssuites.com/post/try-testosterone-yes-women-too-natural-cincinnati.html]
[www.myfitnesssuites.com/post/5-super-foods-to-swap-into-your-diet-now.html]
[static.wixstatic.com/media/dba0d2_a3454082eb6645e6a46d7b6fa3c116a0_mv2.png/v1/fill/w_454,h_341,fp_0.50_0.50,q_95,enc_auto/dba0d2_a3454082eb6645e6a46d7b6fa3c116a0_]
[www.myfitnesssuites.com/post/avoid-health-food-fraud.html]
[static.wixstatic.com/media/dba0d2_b3cf7ce54b24479cb5bbe506af8b6492_mv2.png/v1/fill/w_454,h_341,fp_0.50_0.50,q_95,enc_auto/dba0d2_b3cf7ce54b24479cb5bbe506af8b6492_]
[www.myfitnesssuites.com/post/hormesis-the-what-doesn-t-kill-us-tip.html]
[www.myfitnesssuites.com/post/what-is-wrong-with-me-4-major-factors-affecting-health-and-homeostasis-we-can-t-ignore-these.html]
[static.wixstatic.com/media/dba0d2_7b584f4b96764444ae8f8940b9395546_mv2.png/v1/fill/w_454,h_341,fp_0.50_0.50,q_95,enc_auto/dba0d2_7b584f4b96764444ae8f8940b9395546_]
[static.wixstatic.com/media/dba0d2_337f250fa5aa4006a5297dcb073dcd48_mv2.png/v1/fill/w_454,h_341,fp_0.50_0.50,q_95,enc_auto/dba0d2_337f250fa5aa4006a5297dcb073dcd48_]
[www.myfitnesssuites.com/post/5-expert-mental-health-tips-for-the-holidays.html]
[static.wixstatic.com/media/dba0d2_8951d95a2ede405397c71a8386853769_mv2.png/v1/fill/w_454,h_341,fp_0.50_0.50,q_95,enc_auto/dba0d2_8951d95a2ede405397c71a8386853769_]
[www.myfitnesssuites.com/post/tip-of-the-week-the-one-word-health-hack.html]
[www.myfitnesssuites.com/post/the-golden-rule-how-one-simple-trick-can-improve-diet-exercise-fat-loss-and-muscle-gain.html]
[static.wixstatic.com/media/dba0d2_7f87714953a5457f9c16306314c5654b_mv2.png/v1/fill/w_454,h_341,fp_0.50_0.50,q_95,enc_auto/dba0d2_7f87714953a5457f9c16306314c5654b_]
[static.wixstatic.com/media/dba0d2_ee2cfb9f3e7c4e11b450dfd671ace999_mv2.png/v1/fill/w_454,h_341,fp_0.50_0.50,q_95,enc_auto/dba0d2_ee2cfb9f3e7c4e11b450dfd671ace999_]
[www.myfitnesssuites.com/post/maximize-your-macros-6-rules-to-live-by-for-fats-proteins-and-carbs.html]
[static.wixstatic.com/media/dba0d2_19d67ce7f691413d9e613f0cde84a34c_mv2.png/v1/fill/w_454,h_341,fp_0.50_0.50,q_95,enc_auto/dba0d2_19d67ce7f691413d9e613f0cde84a34c_]
[www.myfitnesssuites.com/post/willpower-is-overrated-use-this-instead.html]
[www.myfitnesssuites.com/blog.html]
[www.myfitnesssuites.com/post/the-secret-sauce-for-successful-weight-loss-4-formulas-for-faster-results.html]
[www.myfitnesssuites.com/events-2.html]
[www.myfitnesssuites.com/challenges.html]
[static.wixstatic.com/media/dba0d2_3a8d5c20f5ca4d9896e9edcb676343a8_mv2.png/v1/fill/w_827,h_470,al_c,q_90,usm_0.66_1.00_0.01,enc_au/Copy of Copy of x fit (7).c3.de]
[www.myfitnesssuites.com/team.html]
[static.wixstatic.com/media/dba0d2_212133975e51423e9d33775ee61d5456_mv2.png/v1/fill/w_62,h_30,al_c,q_85,usm_0.66_1.00_0.01,blur_2,e/dba0d2_212133975e51423e9d33775e]
[www.myfitnesssuites.com/event-details/mfs-turns-two.html]
[static.wixstatic.com/media/dba0d2_869251aac2c346cdae6fa42a7c5cdfb3_mv2.png/v1/fill/w_307,h_566,al_c,q_85,enc_auto/top 25 weight loss.png]
[static.wixstatic.com/media/dba0d2_f7ce06dafe7b4d70a857004bfdbe4fc9_mv2.png/v1/fill/w_547,h_146,al_c,q_85,enc_auto/top 25 strength.png]
[www.myfitnesssuites.com/transformation.html]
[www.myfitnesssuites.com/transform.html]
[www.myfitnesssuites.com/challenges-signup.html]
[static.wixstatic.com/media/dba0d2_9eb09f5833d4490f92fffaa45e124655_mv2.png/v1/crop/x_848,y_0,w_3257,h_1620/fill/w_569,h_282,al_c,q_85,usm_/tymenke627  - vertical]
[www.myfitnesssuites.com/mentormatch.html]
[www.myfitnesssuites.com/5f494459.min.c8.delayed]
[www.myfitnesssuites.com/213414f5.min.css]
[www.myfitnesssuites.com/6cf6915d.min.css]
[www.myfitnesssuites.com/be9271f4.min.css]
[www.myfitnesssuites.com/rb_wixui.corvid_core.3ae99ef5.chunk.min.js]
[static.wixstatic.com/media/dba0d2_b0805fa2ab2a4d8facafea8afd839513_mv2.png/v1/fill/w_479,h_629,al_c,q_85,usm_0.66_1.00_0.01,enc_auto/File_000_edited.png]
[www.myfitnesssuites.com/mentorship.html]
[static.wixstatic.com/media/dba0d2_2d40b9a1fa5f4767bccc8db2dfe40f59_mv2.png/v1/fill/w_38,h_21,al_c,q_85,usm_0.66_1.00_0.01,blur_2,e/dba0d2_2d40b9a1fa5f4767bccc8db2]
[static.wixstatic.com/media/4f1e4f_634110ac66844ea8a974cab49308abe4_mv2.png/v1/fill/w_716,h_600,al_c,q_90,usm_0.66_1.00_0.01,enc_auto/BELIEVE (2) - Edited.png]
[www.myfitnesssuites.com/itemofthemonth.html]
[www.myfitnesssuites.com/shop.html]
[static.wixstatic.com/media/dba0d2_3dc2d5c7b05849678e76a4126be4c12c_mv2.png/v1/fill/w_49,h_49,al_c,q_85,usm_0.66_1.00_0.01,blur_2,e/dba0d2_3dc2d5c7b05849678e76a412]
[static.wixstatic.com/media/11062b_afc56c8cc31c46eeabbec328b1a08736_mv2.jpg]
[www.myfitnesssuites.com/mypoints.html]
[www.myfitnesssuites.com/product-page/mfs-bengal-s-inspired-hoodie.html]
[www.myfitnesssuites.com/48220e7a.min.d3.delayed]
[www.myfitnesssuites.com/loyaltyswag.html]
[static.wixstatic.com/media/dba0d2_1ee93b87535f4708ab9182aead9645bc_mv2.jpg/v1/fill/w_672,h_378,al_c,q_80,usm_0.66_1.00_0.01,enc_au/loyalty swag store coming soon!]
[static.parastorage.com/services/wix-code-platform/1.1097.93/elementory-browser-support.min.js]
[www.myfitnesssuites.com/cart-page.html]
[www.myfitnesssuites.com/general-3.html]
[static.wixstatic.com/media/dba0d2_02515e7792464783a3d45eb8f3d9b9ef_mv2.jpg/v1/fill/w_57,h_45,al_c,q_80,usm_0.66_1.00_0.01,blur_2,e/dba0d2_02515e7792464783a3d45eb8]
[static.wixstatic.com/media/dba0d2_cae5666fcefd4a8fa38163d736d469e6_mv2.jpg/v1/fill/w_96,h_52,al_c,q_80,usm_0.66_1.00_0.01,blur_2,e/dba0d2_cae5666fcefd4a8fa38163d7]
[static.wixstatic.com/media/dba0d2_b39d5f45731e436088688a83baef13b4_mv2.jpg/v1/fill/w_87,h_54,al_c,q_80,usm_0.66_1.00_0.01,blur_2,e/dba0d2_b39d5f45731e436088688a83]
[www.myfitnesssuites.com/1a5cb388.min.html]
[www.myfitnesssuites.com/1f15f937.min.html]
[www.myfitnesssuites.com/62a3290c.min.html]
[static.parastorage.com/services/pricing-plans-tpa/1.2216.0/client/List.chunk.min.css]
[www.myfitnesssuites.com/d078781b.min.html]
[static.wixstatic.com/media/dba0d2_259062dc93874c27b5896c4a13426bbc_mv2.jpg/v1/fill/w_96,h_64,al_c,q_80,usm_0.66_1.00_0.01,blur_2,e/dba0d2_259062dc93874c27b5896c4a]
[static.wixstatic.com/media/ddc89c_741a3885d3154816b2b2be035384732c_mv2.jpg/v1/fill/w_72,h_54,al_c,q_80,usm_0.66_1.00_0.01,blur_2,e/ddc89c_741a3885d3154816b2b2be03]
[www.myfitnesssuites.com/bookings-checkout/physical-therapy/decodeURIComponent(e.html]
[www.myfitnesssuites.com/bookings-checkout/physical-therapy/sitemap.xml]
[www.myfitnesssuites.com/bookings-checkout/physical-therapy/robots.html]
[www.myfitnesssuites.com/bookings-checkout/physical-therapy/feed.xml]
[www.myfitnesssuites.com/bookings-checkout/physical-therapy/eec152dc.min.html]
[www.myfitnesssuites.com/bookings-checkout/physical-therapy/version/index.html]
[www.myfitnesssuites.com/bookings-checkout/physical-therapy/b604fd33.min.html]
[www.myfitnesssuites.com/bookings-checkout/physical-therapy/7c602eb2.min.html]
[www.myfitnesssuites.com/bookings-checkout/physical-therapy/caeea34d.min.html]
[www.myfitnesssuites.com/bookings-checkout/physical-therapy/99a6a99f.min.html]
[www.myfitnesssuites.com/bookings-checkout/physical-therapy/34b72cf9.min.html]
[www.myfitnesssuites.com/bookings-checkout/physical-therapy/7a36fe10.chunk.min.html]
[www.myfitnesssuites.com/bookings-checkout/physical-therapy/e3671379.chunk.min.html]
[www.myfitnesssuites.com/bookings-checkout/physical-therapy/rb_wixui.thunderbolt_bootstrap-classic.db545a77.chunk.min.html]
[www.myfitnesssuites.com/bookings-checkout/physical-therapy/rb_wixui.thunderbolt_bootstrap.8a86afda.chunk.min.html]
[www.myfitnesssuites.com/bookings-checkout/physical-therapy/rb_wixui.thunderbolt_bootstrap.7a36fe10.chunk.min.html]
[www.myfitnesssuites.com/bookings-checkout/physical-therapy/rb_wixui.thunderbolt_bootstrap-responsive.f3ca696f.chunk.min.html]
[www.myfitnesssuites.com/bookings-checkout/physical-therapy/rb_wixui.thunderbolt_bootstrap-responsive.e3671379.chunk.min.html]
[www.myfitnesssuites.com/bookings-checkout/physical-therapy/rb_wixui.thunderbolt_common-site-members-dialogs.384b0b57.chunk.min.html]
[www.myfitnesssuites.com/bookings-checkout/physical-therapy/book.html]
[www.myfitnesssuites.com/bookings-checkout/physical-therapy/rb_wixui.thunderbolt_common-site-members-dialogs.2059cbfd.chunk.min.html]
[www.myfitnesssuites.com/service-page/decodeURIComponent(e.html]
[www.myfitnesssuites.com/service-page/sitemap.xml]
[www.myfitnesssuites.com/service-page/feed.xml]
[www.myfitnesssuites.com/service-page/robots.html]
[www.myfitnesssuites.com/service-page/eec152dc.min.html]
[www.myfitnesssuites.com/service-page/version/index.html]
[www.myfitnesssuites.com/service-page/b604fd33.min.html]
[www.myfitnesssuites.com/service-page/7c602eb2.min.html]
[www.myfitnesssuites.com/service-page/caeea34d.min.html]
[www.myfitnesssuites.com/service-page/99a6a99f.min.html]
[www.myfitnesssuites.com/service-page/34b72cf9.min.html]
[www.myfitnesssuites.com/service-page/7a36fe10.chunk.min.html]
[www.myfitnesssuites.com/service-page/e3671379.chunk.min.html]
[www.myfitnesssuites.com/service-page/rb_wixui.thunderbolt_bootstrap-classic.db545a77.chunk.min.html]
[www.myfitnesssuites.com/service-page/rb_wixui.thunderbolt_bootstrap.8a86afda.chunk.min.html]
[www.myfitnesssuites.com/service-page/rb_wixui.thunderbolt_bootstrap.7a36fe10.chunk.min.html]
[www.myfitnesssuites.com/service-page/rb_wixui.thunderbolt_bootstrap-responsive.f3ca696f.chunk.min.html]
[www.myfitnesssuites.com/service-page/rb_wixui.thunderbolt_common-site-members-dialogs.384b0b57.chunk.min.html]
[www.myfitnesssuites.com/service-page/strength-total-body.html]
[www.myfitnesssuites.com/service-page/let-it-burn.html]
[www.myfitnesssuites.com/service-page/legs-butt-and-thighs.html]
[www.myfitnesssuites.com/service-page/superset-strength.html]
[www.myfitnesssuites.com/service-page/trx-bootcamp.html]
[www.myfitnesssuites.com/service-page/hot-butts-guts.html]
